debutProg()
reserver(2)
empiler(0)
empiler(1)
affectation()
empiler(0)
valeurPile()
empiler(5)
diff()
tze(36)
empiler(1)
empiler(1)
affectation()
empiler(1)
valeurPile()
empiler(5)
diff()
tze(29)
empiler(1)
valeurPile()
put()
empiler(1)
empiler(1)
valeurPile()
empiler(1)
add()
affectation()
tra(14)
empiler(0)
empiler(0)
valeurPile()
empiler(1)
add()
affectation()
tra(6)
finProg()
